0 verbose cli /usr/local/bin/node /usr/local/bin/npm
1 info using npm@11.16.0
2 info using node@v24.18.0
3 silly config load:file:/usr/local/lib/node_modules/npm/npmrc
4 silly config load:file:/Users/eeda/Desktop/myguestbook/.npmrc
5 silly config load:file:/Users/eeda/.npmrc
6 silly config load:file:/usr/local/etc/npmrc
7 verbose title npm install
8 verbose argv "install"
9 verbose logfile logs-max:10 dir:/Users/eeda/Desktop/myguestbook/.npm-cache/_logs/2026-07-28T06_51_02_926Z-
10 verbose logfile /Users/eeda/Desktop/myguestbook/.npm-cache/_logs/2026-07-28T06_51_02_926Z-debug-0.log
11 silly logfile done cleaning log files
12 silly packumentCache heap:4496293888 maxSize:1124073472 maxEntrySize:562036736
13 http fetch GET 403 https://registry.npmjs.org/npm 24ms
14 silly idealTree buildDeps
15 silly fetch manifest @supabase/supabase-js@^3.0.0
16 silly packumentCache full:https://registry.npmjs.org/@supabase%2fsupabase-js cache-miss
17 http fetch GET 403 https://registry.npmjs.org/@supabase%2fsupabase-js 4ms (cache skip)
18 silly fetch manifest next@^14.2.5
19 silly packumentCache full:https://registry.npmjs.org/next cache-miss
20 http fetch GET 403 https://registry.npmjs.org/next 1ms (cache skip)
21 silly fetch manifest react@^18.2.0
22 silly packumentCache full:https://registry.npmjs.org/react cache-miss
23 http fetch GET 403 https://registry.npmjs.org/react 1ms (cache skip)
24 silly fetch manifest react-dom@^18.2.0
25 silly packumentCache full:https://registry.npmjs.org/react-dom cache-miss
26 http fetch GET 403 https://registry.npmjs.org/react-dom 2ms (cache skip)
27 silly fetch manifest @types/node@^20.14.1
28 silly packumentCache full:https://registry.npmjs.org/@types%2fnode cache-miss
29 http fetch GET 403 https://registry.npmjs.org/@types%2fnode 2ms (cache skip)
30 silly fetch manifest @types/react@^18.3.3
31 silly packumentCache full:https://registry.npmjs.org/@types%2freact cache-miss
32 http fetch GET 403 https://registry.npmjs.org/@types%2freact 2ms (cache skip)
33 silly fetch manifest @types/react-dom@^18.3.0
34 silly packumentCache full:https://registry.npmjs.org/@types%2freact-dom cache-miss
35 http fetch GET 403 https://registry.npmjs.org/@types%2freact-dom 1ms (cache skip)
36 silly fetch manifest eslint@^8.57.0
37 silly packumentCache full:https://registry.npmjs.org/eslint cache-miss
38 http fetch GET 403 https://registry.npmjs.org/eslint 2ms (cache skip)
39 silly fetch manifest eslint-config-next@^14.2.5
40 silly packumentCache full:https://registry.npmjs.org/eslint-config-next cache-miss
41 http fetch GET 403 https://registry.npmjs.org/eslint-config-next 2ms (cache skip)
42 silly fetch manifest typescript@^5.6.2
43 silly packumentCache full:https://registry.npmjs.org/typescript cache-miss
44 http fetch GET 403 https://registry.npmjs.org/typescript 1ms (cache skip)
45 silly placeDep ROOT @supabase/supabase-js@ OK for: myguestbook@0.1.0 want: ^3.0.0
46 silly placeDep ROOT @types/node@ OK for: myguestbook@0.1.0 want: ^20.14.1
47 silly placeDep ROOT @types/react@ OK for: myguestbook@0.1.0 want: ^18.3.3
48 silly placeDep ROOT @types/react-dom@ OK for: myguestbook@0.1.0 want: ^18.3.0
49 silly placeDep ROOT eslint@ OK for: myguestbook@0.1.0 want: ^8.57.0
50 silly placeDep ROOT eslint-config-next@ OK for: myguestbook@0.1.0 want: ^14.2.5
51 silly placeDep ROOT next@ OK for: myguestbook@0.1.0 want: ^14.2.5
52 silly placeDep ROOT react@ OK for: myguestbook@0.1.0 want: ^18.2.0
53 silly placeDep ROOT react-dom@ OK for: myguestbook@0.1.0 want: ^18.2.0
54 silly placeDep ROOT typescript@ OK for: myguestbook@0.1.0 want: ^5.6.2
55 verbose stack HttpErrorGeneral: 403 Forbidden - GET https://registry.npmjs.org/@supabase%2fsupabase-js
55 verbose stack     at /usr/local/lib/node_modules/npm/node_modules/npm-registry-fetch/lib/check-response.js:103:15
55 verbose stack     at process.processTicksAndRejections (node:internal/process/task_queues:104:5)
55 verbose stack     at async RegistryFetcher.packument (/usr/local/lib/node_modules/npm/node_modules/pacote/lib/registry.js:90:19)
55 verbose stack     at async RegistryFetcher.manifest (/usr/local/lib/node_modules/npm/node_modules/pacote/lib/registry.js:128:23)
55 verbose stack     at async #fetchManifest (/usr/local/lib/node_modules/npm/node_modules/@npmcli/arborist/lib/arborist/build-ideal-tree.js:1299:20)
55 verbose stack     at async #nodeFromEdge (/usr/local/lib/node_modules/npm/node_modules/@npmcli/arborist/lib/arborist/build-ideal-tree.js:1134:19)
55 verbose stack     at async #buildDepStep (/usr/local/lib/node_modules/npm/node_modules/@npmcli/arborist/lib/arborist/build-ideal-tree.js:978:15)
55 verbose stack     at async Arborist.buildIdealTree (/usr/local/lib/node_modules/npm/node_modules/@npmcli/arborist/lib/arborist/build-ideal-tree.js:178:7)
55 verbose stack     at async Promise.all (index 1)
55 verbose stack     at async Arborist.reify (/usr/local/lib/node_modules/npm/node_modules/@npmcli/arborist/lib/arborist/reify.js:112:5)
56 verbose statusCode 403
57 verbose pkgid @supabase/supabase-js@^3.0.0
58 error code E403
59 error 403 403 Forbidden - GET https://registry.npmjs.org/@supabase%2fsupabase-js
60 error 403 In most cases, you or one of your dependencies are requesting a package version that is forbidden by your security policy, or on a server you do not have access to.
61 silly unfinished npm timer reify 1785221463223
62 silly unfinished npm timer reify:loadTrees 1785221463223
63 verbose cwd /Users/eeda/Desktop/myguestbook
64 verbose os Darwin 25.3.0
65 verbose node v24.18.0
66 verbose npm  v11.16.0
67 verbose exit 1
68 verbose code 1
69 error A complete log of this run can be found in: /Users/eeda/Desktop/myguestbook/.npm-cache/_logs/2026-07-28T06_51_02_926Z-debug-0.log
